// Garages
{x: 274.17, y: -344.25} blips/garage.png Garage A
{x: 66.51, y: 13.47} blips/garage.png Garage B
{x: -282.14, y: -774.22} blips/garage.png Garage C
{x: -75.01, y: -2004.08} blips/garage.png Garage D
{x: 1037.74, y: -764.00} blips/garage.png Garage E
{x: 363.89, y: 298.09} blips/garage.png Garage F
{x: -1395.97, y: -472.93} blips/garage.png Garage G
{x: 1737.61, y: 3710.04} blips/garage.png Garage H
{x: -150.94, y: 6350.96} blips/garage.png Garage I
{x: 5099.90, y: -5721.81} blips/garage.png Garage J
{x: 4500.09, y: -4551.04} blips/garage.png Garage K
{x: -572.26, y: 311.68} blips/garage.png Garage L
{x: 2905.36, y: 5306.02} blips/garage.png Garage M
{x: -1160.06, y: -740.87} blips/garage.png Garage N
{x: 841.25, y: -2181.90} blips/garage.png Garage O
{x: 16.73, y: -1090.06} blips/garage.png Garage P
{x: -62.97, y: -1686.48} blips/garage.png Garage Q
{x: 1244.90, y: 2713.46} blips/garage.png Garage R
{x: -2981.04, y: 357.11} blips/garage.png Garage S

// Ammu Nation
{x: 843.402, y: -1034.044} blips/ammu_nation.png Ammu Nation 1
{x: -663.284, y: -934.919} blips/ammu_nation.png Ammu Nation 2
{x: -1305.112, y: -393.402} blips/ammu_nation.png Ammu Nation 3
{x: 252.963, y: -49.200} blips/ammu_nation.png Ammu Nation 4
{x: -1118.901, y: 2698.141} blips/ammu_nation.png Ammu Nation 5
{x: 1692.514, y: 3759.349} blips/ammu_nation.png Ammu Nation 6
{x: -331.451, y: 6083.354} blips/ammu_nation.png Ammu Nation 7
{x: 811.213, y: -2157.771} blips/ammu_nation_range.png Ammu Nation with Range 1
{x: 21.204, y: -1106.360} blips/ammu_nation_range.png Ammu Nation with Range 2

// Clothing Stores
{x: 75.86, y: -1392.94} blips/clothing.png Clothing Store 1
{x: -822.19, y: -1074.08} blips/clothing.png Clothing Store 2
{x: 424.94, y: -806.28} blips/clothing.png Clothing Store 3
{x: -1193.45, y: -768.83} blips/clothing.png Clothing Store 4
{x: -162.93, y: -303.11} blips/clothing.png Clothing Store 5
{x: -1450.59, y: -237.46} blips/clothing.png Clothing Store 6
{x: 125.69, y: -222.91} blips/clothing.png Clothing Store 7
{x: -3170.44, y: 1044.64} blips/clothing.png Clothing Store 8
{x: -1101.23, y: 2710.43} blips/clothing.png Clothing Store 9
{x: 614.74, y: 2762.03} blips/clothing.png Clothing Store 10
{x: 1196.69, y: 2709.79} blips/clothing.png Clothing Store 11
{x: 1693.57, y: 4822.89} blips/clothing.png Clothing Store 12
{x: 4.55, y: 6512.74} blips/clothing.png Clothing Store 13
{x: -710.36, y: -153.35} blips/clothing.png Clothing Store 14
{x: 5012.50, y: -5748.89} blips/clothing.png Clothing Store 15

// Banks
{x: 149.736, y: -1040.730} blips/bank.png Bank 1
{x: -1212.752, y: -330.884} blips/bank.png Bank 2
{x: 314.110, y: -278.901} blips/bank.png Bank 3
{x: 1175.037, y: 2706.804} blips/bank.png Bank 4
{x: -2962.576, y: 482.954} blips/bank.png Bank 5
{x: -113.077, y: 6470.189} blips/bank.png Bank 6
{x: -351.033, y: -49.978} blips/bank.png Bank 7

// Barbershops
{x: 137.04, y: -1707.95} blips/barbershop.png Barbershop 1
{x: -1282.88, y: -1117.19} blips/barbershop.png Barbershop 2
{x: 1212.23, y: -472.84} blips/barbershop.png Barbershop 3
{x: -813.45, y: -183.80} blips/barbershop.png Barbershop 4
{x: -33.10, y: -152.35} blips/barbershop.png Barbershop 5
{x: 1932.00, y: 3730.35} blips/barbershop.png Barbershop 6
{x: -278.23, y: 6228.07} blips/barbershop.png Barbershop 7
{x: 5005.17, y: -5754.83} blips/barbershop.png Barbershop 8

// Grocery Stores
{x: -48.32, y: -1757.96} blips/grocery.png Grocery Store 1
{x: 25.64, y: -1347.99} blips/grocery.png Grocery Store 2
{x: 1135.64, y: -982.85} blips/grocery.png Grocery Store 3
{x: -707.31, y: -914.59} blips/grocery.png Grocery Store 4
{x: -1222.23, y: -906.85} blips/grocery.png Grocery Store 5
{x: -1487.65, y: -378.56} blips/grocery.png Grocery Store 6
{x: 1163.71, y: -323.93} blips/grocery.png Grocery Store 7
{x: 373.52, y: 325.43} blips/grocery.png Grocery Store 8
{x: 2557.97, y: 381.97} blips/grocery.png Grocery Store 9
{x: -2967.73, y: 391.60} blips/grocery.png Grocery Store 10
{x: -3038.67, y: 585.87} blips/grocery.png Grocery Store 11
{x: -1820.33, y: 792.67} blips/grocery.png Grocery Store 12
{x: -3241.44, y: 1001.10} blips/grocery.png Grocery Store 13
{x: 547.78, y: 2671.91} blips/grocery.png Grocery Store 14
{x: 1165.35, y: 2709.44} blips/grocery.png Grocery Store 15
{x: 2679.26, y: 3280.07} blips/grocery.png Grocery Store 16
{x: 1393.76, y: 3605.47} blips/grocery.png Grocery Store 17
{x: 1961.47, y: 3739.97} blips/grocery.png Grocery Store 18
{x: 1697.92, y: 4924.46} blips/grocery.png Grocery Store 19
{x: 1728.60, y: 6414.08} blips/grocery.png Grocery Store 20
{x: 160.89, y: 6640.39} blips/grocery.png Don's Country Store

// Impound lot
{x: 398.637, y: -1641.297} blips/impound.png Impound lot 1
{x: 1613.657, y: 3782.110} blips/impound.png Impound lot 2
{x: -279.653, y: 6130.602} blips/impound.png Impound lot 3
{x: -191, y: -1168} blips/impound.png Impound lot 4

// Medical
{x: -247.358, y: 6331.569} blips/medical.png Paleto Bay Clinic
{x: -472, y: -336} blips/medical.png Mount Zonah Medical Center
{x: 1837, y: 3676} blips/medical.png Sandy Shores Medical Center
{x: 4926, y: -5273} blips/medical.png Cayo Perico Medical Station

// Police
{x: 434.387, y: -981.917} blips/police.png Mission Row Police Station
{x: 638.176, y: 1.899} blips/police.png Vinewood Police Station
{x: 1855.398, y: 3683.248} blips/police.png Sandy Shores Sheriff's Station
{x: -443.182, y: 6016.523} blips/police.png Paleto Bay Sheriff's Office
{x: 360.804, y: -1584.620} blips/police.png Davis Sheriff's Station
{x: -561.930, y: -130.840} blips/police.png Rockford Hills Police Headquarters
{x: 827.433, y: -1290.013} blips/police.png La Mesa Police Station
{x: 379.160, y: 792.422} blips/police.png Beaver Bush Ranger Station
{x: -1632.290, y: -1015.622} blips/police.png Del Perro Police Station
{x: 2534.334, y: -384.501} blips/police.png N.O.O.S.E. Headquarters

// Sunken Ship
{x: 3173.842, y: -357.798} blips/sunken_ship.png Sunken Ship

// Bolingbroke Penitentiary
{x: 1689.152, y: 2605.411} blips/prison.png Bolingbroke Penitentiary

// Repair Shop
{x: -26.413, y: -1672.127} blips/repair.png Mosley's Repair Shop
{x: 961.477, y: -106.233} blips/repair.png LostMC Repair Shop
{x: -1421.209, y: -439.978} blips/repair.png Hayes Repair Shop
{x: -1145.710, y: -1990.906} blips/repair.png Second Gear Repair Shop
{x: 1178.624, y: 2644.365} blips/repair.png Harmony Repair Shop
{x: 37.042, y: 6463.886} blips/repair.png SOL Repair Shop

// Los Santos Customs
{x: -337.398, y: -136.932} blips/customs.png Los Santos Customs 1
{x: 733.688, y: -1088.743} blips/customs.png Los Santos Customs 2
{x: -1155.086, y: -2006.611} blips/customs.png Los Santos Customs 3
{x: 1174.813, y: 2637.798} blips/customs.png Los Santos Customs 4
{x: 108.831, y: 6628.444} blips/customs.png Los Santos Customs 5
{x: -212.374, y: -1325.499} blips/customs.png Los Santos Customs 6
{x: -34.549, y: -1053.152} blips/customs.png Los Santos Customs 7

// Premium Deluxe Motorsport
{x: -32.374, y: -1114.879} blips/dealership.png Premium Deluxe Motorsport

// Exclusive Dealership
{x: -75, y: -819} blips/edm.png Exclusive Dealership

// Jewelry Store
{x: -630.501, y: -237.138} blips/jewelry.png Jewelry Store

// Yoga
{x: -1494.119, y: 829.398} blips/yoga.png Yoga

// Midnight Tuner Shop
{x: 933.310, y: -971.380} blips/mtc.png Midnight Tuner Club

// Bean Machine
{x: -619, y: 234} blips/bean.png Bean Machine

// Burger Shot
{x: -1185, y: -890} blips/burger_shop.png Burger Shot

// Cayo Markers

// Island Bar
{x: 4905, y: -4941} blips/island_bar.png Island Bar

// Island Store
{x: 4505, y: -4520} blips/island_store.png Burger Bar

// Burger Bar
{x: 4505, y: -4520} blips/burger_bar.png Burger Bar
